Archive member included to satisfy reference by file (symbol)

c:/program files (x86)/atmel/studio/7.0/toolchain/avr8/avr8-gnu-toolchain/bin/../lib/gcc/avr/4.9.2/../../../../avr/lib/avr5\libm.a(addsf3.o)
                              main.o (__subsf3)
c:/program files (x86)/atmel/studio/7.0/toolchain/avr8/avr8-gnu-toolchain/bin/../lib/gcc/avr/4.9.2/../../../../avr/lib/avr5\libm.a(addsf3x.o)
                              c:/program files (x86)/atmel/studio/7.0/toolchain/avr8/avr8-gnu-toolchain/bin/../lib/gcc/avr/4.9.2/../../../../avr/lib/avr5\libm.a(addsf3.o) (__addsf3x)
c:/program files (x86)/atmel/studio/7.0/toolchain/avr8/avr8-gnu-toolchain/bin/../lib/gcc/avr/4.9.2/../../../../avr/lib/avr5\libm.a(cmpsf2.o)
                              main.o (__eqsf2)
c:/program files (x86)/atmel/studio/7.0/toolchain/avr8/avr8-gnu-toolchain/bin/../lib/gcc/avr/4.9.2/../../../../avr/lib/avr5\libm.a(divsf3.o)
                              main.o (__divsf3)
c:/program files (x86)/atmel/studio/7.0/toolchain/avr8/avr8-gnu-toolchain/bin/../lib/gcc/avr/4.9.2/../../../../avr/lib/avr5\libm.a(divsf3x.o)
                              c:/program files (x86)/atmel/studio/7.0/toolchain/avr8/avr8-gnu-toolchain/bin/../lib/gcc/avr/4.9.2/../../../../avr/lib/avr5\libm.a(divsf3.o) (__divsf3x)
c:/program files (x86)/atmel/studio/7.0/toolchain/avr8/avr8-gnu-toolchain/bin/../lib/gcc/avr/4.9.2/../../../../avr/lib/avr5\libm.a(fixsfsi.o)
                              main.o (__fixsfsi)
c:/program files (x86)/atmel/studio/7.0/toolchain/avr8/avr8-gnu-toolchain/bin/../lib/gcc/avr/4.9.2/../../../../avr/lib/avr5\libm.a(fixunssfsi.o)
                              c:/program files (x86)/atmel/studio/7.0/toolchain/avr8/avr8-gnu-toolchain/bin/../lib/gcc/avr/4.9.2/../../../../avr/lib/avr5\libm.a(fixsfsi.o) (__fixunssfsi)
c:/program files (x86)/atmel/studio/7.0/toolchain/avr8/avr8-gnu-toolchain/bin/../lib/gcc/avr/4.9.2/../../../../avr/lib/avr5\libm.a(floatsisf.o)
                              main.o (__floatsisf)
c:/program files (x86)/atmel/studio/7.0/toolchain/avr8/avr8-gnu-toolchain/bin/../lib/gcc/avr/4.9.2/../../../../avr/lib/avr5\libm.a(fp_cmp.o)
                              c:/program files (x86)/atmel/studio/7.0/toolchain/avr8/avr8-gnu-toolchain/bin/../lib/gcc/avr/4.9.2/../../../../avr/lib/avr5\libm.a(cmpsf2.o) (__fp_cmp)
c:/program files (x86)/atmel/studio/7.0/toolchain/avr8/avr8-gnu-toolchain/bin/../lib/gcc/avr/4.9.2/../../../../avr/lib/avr5\libm.a(fp_inf.o)
                              c:/program files (x86)/atmel/studio/7.0/toolchain/avr8/avr8-gnu-toolchain/bin/../lib/gcc/avr/4.9.2/../../../../avr/lib/avr5\libm.a(addsf3x.o) (__fp_inf)
c:/program files (x86)/atmel/studio/7.0/toolchain/avr8/avr8-gnu-toolchain/bin/../lib/gcc/avr/4.9.2/../../../../avr/lib/avr5\libm.a(fp_nan.o)
                              c:/program files (x86)/atmel/studio/7.0/toolchain/avr8/avr8-gnu-toolchain/bin/../lib/gcc/avr/4.9.2/../../../../avr/lib/avr5\libm.a(addsf3x.o) (__fp_nan)
c:/program files (x86)/atmel/studio/7.0/toolchain/avr8/avr8-gnu-toolchain/bin/../lib/gcc/avr/4.9.2/../../../../avr/lib/avr5\libm.a(fp_pscA.o)
                              c:/program files (x86)/atmel/studio/7.0/toolchain/avr8/avr8-gnu-toolchain/bin/../lib/gcc/avr/4.9.2/../../../../avr/lib/avr5\libm.a(addsf3x.o) (__fp_pscA)
c:/program files (x86)/atmel/studio/7.0/toolchain/avr8/avr8-gnu-toolchain/bin/../lib/gcc/avr/4.9.2/../../../../avr/lib/avr5\libm.a(fp_pscB.o)
                              c:/program files (x86)/atmel/studio/7.0/toolchain/avr8/avr8-gnu-toolchain/bin/../lib/gcc/avr/4.9.2/../../../../avr/lib/avr5\libm.a(addsf3x.o) (__fp_pscB)
c:/program files (x86)/atmel/studio/7.0/toolchain/avr8/avr8-gnu-toolchain/bin/../lib/gcc/avr/4.9.2/../../../../avr/lib/avr5\libm.a(fp_round.o)
                              c:/program files (x86)/atmel/studio/7.0/toolchain/avr8/avr8-gnu-toolchain/bin/../lib/gcc/avr/4.9.2/../../../../avr/lib/avr5\libm.a(addsf3.o) (__fp_round)
c:/program files (x86)/atmel/studio/7.0/toolchain/avr8/avr8-gnu-toolchain/bin/../lib/gcc/avr/4.9.2/../../../../avr/lib/avr5\libm.a(fp_split3.o)
                              c:/program files (x86)/atmel/studio/7.0/toolchain/avr8/avr8-gnu-toolchain/bin/../lib/gcc/avr/4.9.2/../../../../avr/lib/avr5\libm.a(addsf3x.o) (__fp_split3)
c:/program files (x86)/atmel/studio/7.0/toolchain/avr8/avr8-gnu-toolchain/bin/../lib/gcc/avr/4.9.2/../../../../avr/lib/avr5\libm.a(fp_zero.o)
                              c:/program files (x86)/atmel/studio/7.0/toolchain/avr8/avr8-gnu-toolchain/bin/../lib/gcc/avr/4.9.2/../../../../avr/lib/avr5\libm.a(addsf3x.o) (__fp_zero)
c:/program files (x86)/atmel/studio/7.0/toolchain/avr8/avr8-gnu-toolchain/bin/../lib/gcc/avr/4.9.2/../../../../avr/lib/avr5\libm.a(gesf2.o)
                              main.o (__gtsf2)
c:/program files (x86)/atmel/studio/7.0/toolchain/avr8/avr8-gnu-toolchain/bin/../lib/gcc/avr/4.9.2/../../../../avr/lib/avr5\libm.a(mulsf3.o)
[...]
Memory Configuration

Name             Origin             Length             Attributes
text             0x00000000         0x00020000         xr
data             0x00800060         0x0000ffa0         rw !x
eeprom           0x00810000         0x00010000         rw !x
fuse             0x00820000         0x00000003         rw !x
lock             0x00830000         0x00000400         rw !x
signature        0x00840000         0x00000400         rw !x
user_signatures  0x00850000         0x00000400         rw !x
*default*        0x00000000         0xffffffff

Linker script and memory map

Address of section .data set to 0x800100
LOAD C:/Program Files (x86)/Atmel/Studio/7.0/Packs/atmel/ATmega_DFP/1.1.130/gcc/dev/atmega328p/avr5/crtatmega328p.o
LOAD i2chw/twimastertimeout.o
LOAD main.o
LOAD mpu6050/mpu6050.o
LOAD mpu6050/mpu6050dmp6.o
LOAD u8g/chessengine.o
LOAD u8g/u8g_bitmap.o
LOAD u8g/u8g_circle.o
LOAD u8g/u8g_clip.o
LOAD u8g/u8g_com_api.o
LOAD u8g/u8g_com_api_16gr.o
LOAD u8g/u8g_com_arduino_attiny85_hw_spi.o
LOAD u8g/u8g_com_arduino_common.o
LOAD u8g/u8g_com_arduino_fast_parallel.o
LOAD u8g/u8g_com_arduino_hw_spi.o
LOAD u8g/u8g_com_arduino_hw_usart_spi.o
LOAD u8g/u8g_com_arduino_no_en_parallel.o
LOAD u8g/u8g_com_arduino_parallel.o
LOAD u8g/u8g_com_arduino_port_d_wr.o
LOAD u8g/u8g_com_arduino_ssd_i2c.o
LOAD u8g/u8g_com_arduino_st7920_custom.o
LOAD u8g/u8g_com_arduino_st7920_hw_spi.o
LOAD u8g/u8g_com_arduino_st7920_spi.o
LOAD u8g/u8g_com_arduino_std_sw_spi.o
LOAD u8g/u8g_com_arduino_sw_spi.o
LOAD u8g/u8g_com_arduino_t6963.o
LOAD u8g/u8g_com_arduino_uc_i2c.o
LOAD u8g/u8g_com_atmega_hw_spi.o
LOAD u8g/u8g_com_atmega_parallel.o
LOAD u8g/u8g_com_atmega_st7920_hw_spi.o
LOAD u8g/u8g_com_atmega_st7920_spi.o
LOAD u8g/u8g_com_atmega_sw_spi.o
LOAD u8g/u8g_com_i2c.o
LOAD u8g/u8g_com_io.o
LOAD u8g/u8g_com_msp430_hw_spi.o
LOAD u8g/u8g_com_null.o
LOAD u8g/u8g_com_raspberrypi_hw_spi.o
LOAD u8g/u8g_com_raspberrypi_ssd_i2c.o
LOAD u8g/u8g_com_std_sw_spi.o
LOAD u8g/u8g_cursor.o
LOAD u8g/u8g_delay.o
LOAD u8g/u8g_dev_a2_micro_printer.o
LOAD u8g/u8g_dev_flipdisc_2x7.o
LOAD u8g/u8g_dev_gprof.o
LOAD u8g/u8g_dev_ht1632.o
LOAD u8g/u8g_dev_ili9325d_320x240.o
LOAD u8g/u8g_dev_ks0108_128x64.o
LOAD u8g/u8g_dev_lc7981_160x80.o
LOAD u8g/u8g_dev_lc7981_240x128.o
LOAD u8g/u8g_dev_lc7981_240x64.o
LOAD u8g/u8g_dev_lc7981_320x64.o
LOAD u8g/u8g_dev_ld7032_60x32.o
LOAD u8g/u8g_dev_null.o
LOAD u8g/u8g_dev_pcd8544_84x48.o
LOAD u8g/u8g_dev_pcf8812_96x65.o
LOAD u8g/u8g_dev_sbn1661_122x32.o
LOAD u8g/u8g_dev_ssd1306_128x32.o
LOAD u8g/u8g_dev_ssd1306_128x64.o
LOAD u8g/u8g_dev_ssd1306_64x48.o
LOAD u8g/u8g_dev_ssd1309_128x64.o
LOAD u8g/u8g_dev_ssd1322_nhd31oled_bw.o
LOAD u8g/u8g_dev_ssd1322_nhd31oled_gr.o
LOAD u8g/u8g_dev_ssd1325_nhd27oled_bw.o
LOAD u8g/u8g_dev_ssd1325_nhd27oled_bw_new.o
LOAD u8g/u8g_dev_ssd1325_nhd27oled_gr.o
LOAD u8g/u8g_dev_ssd1325_nhd27oled_gr_new.o
LOAD u8g/u8g_dev_ssd1327_96x96_gr.o
LOAD u8g/u8g_dev_ssd1351_128x128.o
LOAD u8g/u8g_dev_ssd1353_160x128.o
LOAD u8g/u8g_dev_st7565_64128n.o
LOAD u8g/u8g_dev_st7565_dogm128.o
LOAD u8g/u8g_dev_st7565_dogm132.o
LOAD u8g/u8g_dev_st7565_lm6059.o
LOAD u8g/u8g_dev_st7565_lm6063.o
LOAD u8g/u8g_dev_st7565_nhd_c12832.o
LOAD u8g/u8g_dev_st7565_nhd_c12864.o
LOAD u8g/u8g_dev_st7687_c144mvgd.o
LOAD u8g/u8g_dev_st7920_128x64.o
LOAD u8g/u8g_dev_st7920_192x32.o
LOAD u8g/u8g_dev_st7920_202x32.o
LOAD u8g/u8g_dev_t6963_128x128.o
LOAD u8g/u8g_dev_t6963_128x64.o
LOAD u8g/u8g_dev_t6963_240x128.o
LOAD u8g/u8g_dev_t6963_240x64.o
LOAD u8g/u8g_dev_tls8204_84x48.o
LOAD u8g/u8g_dev_uc1601_c128032.o
LOAD u8g/u8g_dev_uc1608_240x128.o
LOAD u8g/u8g_dev_uc1608_240x64.o
LOAD u8g/u8g_dev_uc1610_dogxl160.o
LOAD u8g/u8g_dev_uc1611_dogm240.o
LOAD u8g/u8g_dev_uc1611_dogxl240.o
LOAD u8g/u8g_dev_uc1701_dogs102.o
LOAD u8g/u8g_dev_uc1701_mini12864.o
LOAD u8g/u8g_ellipse.o
LOAD u8g/u8g_font.o
LOAD u8g/u8g_font_data.o
LOAD u8g/u8g_line.o
LOAD u8g/u8g_ll_api.o
LOAD u8g/u8g_page.o
LOAD u8g/u8g_pb.o
LOAD u8g/u8g_pb14v1.o
LOAD u8g/u8g_pb16h1.o
LOAD u8g/u8g_pb16h2.o
LOAD u8g/u8g_pb16v1.o
LOAD u8g/u8g_pb16v2.o
LOAD u8g/u8g_pb32h1.o
LOAD u8g/u8g_pb8h1.o
LOAD u8g/u8g_pb8h1f.o
LOAD u8g/u8g_pb8h2.o
LOAD u8g/u8g_pb8h8.o
LOAD u8g/u8g_pb8v1.o
LOAD u8g/u8g_pb8v2.o
LOAD u8g/u8g_pbxh16.o
LOAD u8g/u8g_pbxh24.o
LOAD u8g/u8g_polygon.o
LOAD u8g/u8g_rect.o
LOAD u8g/u8g_rot.o
LOAD u8g/u8g_scale.o
LOAD u8g/u8g_state.o
LOAD u8g/u8g_u16toa.o
LOAD u8g/u8g_u8toa.o
LOAD u8g/u8g_virtual_screen.o
LOAD uart/uart.o
START GROUP
LOAD c:/program files (x86)/atmel/studio/7.0/toolchain/avr8/avr8-gnu-toolchain/bin/../lib/gcc/avr/4.9.2/../../../../avr/lib/avr5\libm.a
END GROUP
START GROUP
LOAD c:/program files (x86)/atmel/studio/7.0/toolchain/avr8/avr8-gnu-toolchain/bin/../lib/gcc/avr/4.9.2/avr5\libgcc.a
LOAD c:/program files (x86)/atmel/studio/7.0/toolchain/avr8/avr8-gnu-toolchain/bin/../lib/gcc/avr/4.9.2/../../../../avr/lib/avr5\libm.a
LOAD c:/program files (x86)/atmel/studio/7.0/toolchain/avr8/avr8-gnu-toolchain/bin/../lib/gcc/avr/4.9.2/../../../../avr/lib/avr5\libc.a
LOAD C:/Program Files (x86)/Atmel/Studio/7.0/Packs/atmel/ATmega_DFP/1.1.130/gcc/dev/atmega328p/avr5\libatmega328p.a
END GROUP
                0x00020000                __TEXT_REGION_LENGTH__ = DEFINED (__TEXT_REGION_LENGTH__)?__TEXT_REGION_LENGTH__:0x20000
                0x0000ffa0                __DATA_REGION_LENGTH__ = DEFINED (__DATA_REGION_LENGTH__)?__DATA_REGION_LENGTH__:0xffa0
                0x00010000                __EEPROM_REGION_LENGTH__ = DEFINED (__EEPROM_REGION_LENGTH__)?__EEPROM_REGION_LENGTH__:0x10000
                [0x00000003]                __FUSE_REGION_LENGTH__ = DEFINED (__FUSE_REGION_LENGTH__)?__FUSE_REGION_LENGTH__:0x400
                0x00000400                __LOCK_REGION_LENGTH__ = DEFINED (__LOCK_REGION_LENGTH__)?__LOCK_REGION_LENGTH__:0x400
                0x00000400                __SIGNATURE_REGION_LENGTH__ = DEFINED (__SIGNATURE_REGION_LENGTH__)?__SIGNATURE_REGION_LENGTH__:0x400
                0x00000400                __USER_SIGNATURE_REGION_LENGTH__ = DEFINED (__USER_SIGNATURE_REGION_LENGTH__)?__USER_SIGNATURE_REGION_LENGTH__:0x400

.hash
 *(.hash)

.dynsym
 *(.dynsym)

.dynstr
 *(.dynstr)

.gnu.version
 *(.gnu.version)

.gnu.version_d
 *(.gnu.version_d)

.gnu.version_r
 *(.gnu.version_r)

.rel.init
 *(.rel.init)

.rela.init
 *(.rela.init)

.rel.text
 *(.rel.text)
 *(.rel.text.*)
 *(.rel.gnu.linkonce.t*)

.rela.text
 *(.rela.text)
 *(.rela.text.*)
 *(.rela.gnu.linkonce.t*)

.rel.fini
 *(.rel.fini)

.rela.fini
 *(.rela.fini)

.rel.rodata
 *(.rel.rodata)
 *(.rel.rodata.*)
 *(.rel.gnu.linkonce.r*)

.rela.rodata
 *(.rela.rodata)
 *(.rela.rodata.*)
 *(.rela.gnu.linkonce.r*)

.rel.data
 *(.rel.data)
 *(.rel.data.*)
 *(.rel.gnu.linkonce.d*)

.rela.data
 *(.rela.data)
 *(.rela.data.*)
 *(.rela.gnu.linkonce.d*)

.rel.ctors
 *(.rel.ctors)

.rela.ctors
 *(.rela.ctors)

.rel.dtors
 *(.rel.dtors)

.rela.dtors
 *(.rela.dtors)

.rel.got
 *(.rel.got)

.rela.got
 *(.rela.got)

.rel.bss
 *(.rel.bss)

.rela.bss
 *(.rela.bss)

.rel.plt
 *(.rel.plt)

.rela.plt
 *(.rela.plt)

.text           0x00000000     0x332c
 *(.vectors)
 .vectors       0x00000000       0x68 C:/Program Files (x86)/Atmel/Studio/7.0/Packs/atmel/ATmega_DFP/1.1.130/gcc/dev/atmega328p/avr5/crtatmega328p.o
                0x00000000                __vector_default
                0x00000000                __vectors
 *(.vectors)
 *(.progmem.gcc*)
 .progmem.gcc_sw_table.u8g_dev_pb8v1_base_fn
                0x00000068       0x68 u8g/u8g_pb8v1.o
                0x000000d0                . = ALIGN (0x2)
                0x000000d0                __trampolines_start = .
 *(.trampolines)
 .trampolines   0x000000d0        0x0 linker stubs
 *(.trampolines*)
                0x000000d0                __trampolines_end = .
 *libprintf_flt.a:*(.progmem.data)
 *libc.a:*(.progmem.data)
 *(.progmem*)
 .progmem.data.u8g_dev_ssd13xx_sleep_off
                0x000000d0        0xb u8g/u8g_dev_ssd1306_128x64.o
 .progmem.data.u8g_dev_ssd13xx_sleep_on
                0x000000db        0x9 u8g/u8g_dev_ssd1306_128x64.o
 .progmem.data.u8g_dev_ssd1306_128x64_data_start
                0x000000e4        0x8 u8g/u8g_dev_ssd1306_128x64.o
 .progmem.data.u8g_dev_ssd1306_128x64_adafruit2_init_seq
                0x000000ec       0x26 u8g/u8g_dev_ssd1306_128x64.o
 .progmem.u8g_font_fub14
                0x00000112     0x169c u8g/u8g_font_data.o
                0x00000112                u8g_font_fub14
                0x000017ae                . = ALIGN (0x2)
 *(.jumptables)
 *(.jumptables*)
 *(.lowtext)
 *(.lowtext*)
                0x000017ae                __ctors_start = .
 *(.ctors)
                0x000017ae                __ctors_end = .
                0x000017ae                __dtors_start = .
 *(.dtors)
                0x000017ae                __dtors_end = .
 SORT(*)(.ctors)
 SORT(*)(.dtors)
 *(.init0)
 .init0         0x000017ae        0x0 C:/Program Files (x86)/Atmel/Studio/7.0/Packs/atmel/ATmega_DFP/1.1.130/gcc/dev/atmega328p/avr5/crtatmega328p.o
                0x000017ae                __init
 *(.init0)
 *(.init1)
 *(.init1)
 *(.init2)
 .init2         0x000017ae        0xc C:/Program Files (x86)/Atmel/Studio/7.0/Packs/atmel/ATmega_DFP/1.1.130/gcc/dev/atmega328p/avr5/crtatmega328p.o
 *(.init2)
 *(.init3)
 *(.init3)
 *(.init4)
 .init4         0x000017ba       0x16 c:/program files (x86)/atmel/studio/7.0/toolchain/avr8/avr8-gnu-toolchain/bin/../lib/gcc/avr/4.9.2/avr5\libgcc.a(_copy_data.o)
                0x000017ba                __do_copy_data
 .init4         0x000017d0       0x10 c:/program files (x86)/atmel/studio/7.0/toolchain/avr8/avr8-gnu-toolchain/bin/../lib/gcc/avr/4.9.2/avr5\libgcc.a(_clear_bss.o)
                0x000017d0                __do_clear_bss
 *(.init4)
 *(.init5)
 *(.init5)
 *(.init6)
 *(.init6)
 *(.init7)
 *(.init7)
 *(.init8)
 *(.init8)
 *(.init9)
 .init9         0x000017e0        0x8 C:/Program Files (x86)/Atmel/Studio/7.0/Packs/atmel/ATmega_DFP/1.1.130/gcc/dev/atmega328p/avr5/crtatmega328p.o
 *(.init9)
 *(.text)
 .text          0x000017e8        0x4 C:/Program Files (x86)/Atmel/Studio/7.0/Packs/atmel/ATmega_DFP/1.1.130/gcc/dev/atmega328p/avr5/crtatmega328p.o
                0x000017e8                __vector_22
                0x000017e8                __vector_1
                0x000017e8                __vector_24
                0x000017e8                __vector_12
                0x000017e8                __bad_interrupt
                0x000017e8                __vector_6
                0x000017e8                __vector_3
                0x000017e8                __vector_23
                0x000017e8                __vector_25
                0x000017e8                __vector_11
                0x000017e8                __vector_13
                0x000017e8                __vector_17
                0x000017e8                __vector_7
                0x000017e8                __vector_5
                0x000017e8                __vector_4
                0x000017e8                __vector_9
                0x000017e8                __vector_2
                0x000017e8                __vector_21
                0x000017e8                __vector_15
                0x000017e8                __vector_8
                0x000017e8                __vector_14
                0x000017e8                __vector_10
                0x000017e8                __vector_16
                0x000017e8                __vector_20
                0x000017ec                . = ALIGN (0x2)
 *(.text.*)
 .text.i2c_init
                0x000017ec        0xc i2chw/twimastertimeout.o
                0x000017ec                i2c_init
 .text.i2c_start
                0x000017f8       0x8c i2chw/twimastertimeout.o
                0x000017f8                i2c_start
 .text.i2c_stop
                0x00001884       0x20 i2chw/twimastertimeout.o
                0x00001884                i2c_stop
 .text.i2c_write
                0x000018a4       0x42 i2chw/twimastertimeout.o
                0x000018a4                i2c_write
 .text.i2c_readAck
                0x000018e6       0x34 i2chw/twimastertimeout.o
                0x000018e6                i2c_readAck
 .text.i2c_readNak
                0x0000191a       0x34 i2chw/twimastertimeout.o
                0x0000191a                i2c_readNak
 .text.getAcc   0x0000194e       0x66 main.o
                0x0000194e                getAcc
 .text.getAccXYZ
                0x000019b4       0x8e main.o
                0x000019b4                getAccXYZ
 .text.drawSteps
                0x00001a42       0x66 main.o
                0x00001a42                drawSteps
 .text.drawString
                0x00001aa8       0x2e main.o
                0x00001aa8                drawString
 .text.setAccIdle
                0x00001ad6       0x84 main.o
                0x00001ad6                setAccIdle
 .text.main     0x00001b5a      0x128 main.o
                0x00001b5a                main
 .text.mpu6050_readBytes
                0x00001c82       0x9c mpu6050/mpu6050.o
                0x00001c82                mpu6050_readBytes
 .text.mpu6050_readByte
                0x00001d1e        0xa mpu6050/mpu6050.o
                0x00001d1e                mpu6050_readByte
 .text.mpu6050_writeBytes
                0x00001d28       0x52 mpu6050/mpu6050.o
                0x00001d28                mpu6050_writeBytes
 .text.mpu6050_writeByte
                0x00001d7a       0x20 mpu6050/mpu6050.o
                0x00001d7a                mpu6050_writeByte
 .text.mpu6050_writeBits
                0x00001d9a       0x88 mpu6050/mpu6050.o
                0x00001d9a                mpu6050_writeBits
 .text.mpu6050_writeBit
                0x00001e22       0x66 mpu6050/mpu6050.o
                0x00001e22                mpu6050_writeBit
 .text.mpu6050_setSleepDisabled
                0x00001e88        0xc mpu6050/mpu6050.o
                0x00001e88                mpu6050_setSleepDisabled
 .text.mpu6050_init
                0x00001e94       0x68 mpu6050/mpu6050.o
                0x00001e94                mpu6050_init
 .text.u8g_IsBBXIntersection
                0x00001efc       0x64 u8g/u8g_clip.o
                0x00001efc                u8g_IsBBXIntersection
 .text.u8g_InitCom
                0x00001f60       0x14 u8g/u8g_com_api.o
                0x00001f60                u8g_InitCom
 .text.u8g_SetChipSelect
                0x00001f74       0x14 u8g/u8g_com_api.o
                0x00001f74                u8g_SetChipSelect
 .text.u8g_SetResetLow
                0x00001f88       0x16 u8g/u8g_com_api.o
                0x00001f88                u8g_SetResetLow
 .text.u8g_SetResetHigh
                0x00001f9e       0x16 u8g/u8g_com_api.o
                0x00001f9e                u8g_SetResetHigh
 .text.u8g_SetAddress
                0x00001fb4       0x14 u8g/u8g_com_api.o
                0x00001fb4                u8g_SetAddress
 .text.u8g_WriteByte
                0x00001fc8       0x14 u8g/u8g_com_api.o
                0x00001fc8                u8g_WriteByte
 .text.u8g_WriteSequence
                0x00001fdc       0x10 u8g/u8g_com_api.o
                0x00001fdc                u8g_WriteSequence
 .text.u8g_WriteEscSeqP
                0x00001fec       0xec u8g/u8g_com_api.o
                0x00001fec                u8g_WriteEscSeqP
 .text.u8g_com_arduino_ssd_start_sequence
                0x000020d8       0x40 u8g/u8g_com_arduino_ssd_i2c.o
                0x000020d8                u8g_com_arduino_ssd_start_sequence
 .text.u8g_com_arduino_ssd_i2c_fn
                0x00002118      0x128 u8g/u8g_com_arduino_ssd_i2c.o
                0x00002118                u8g_com_arduino_ssd_i2c_fn
 .text.u8g_i2c_set_error
                0x00002240       0x12 u8g/u8g_com_i2c.o
 .text.u8g_i2c_clear_error
                0x00002252        0xa u8g/u8g_com_i2c.o
                0x00002252                u8g_i2c_clear_error
 .text.u8g_i2c_init
                0x0000225c       0x20 u8g/u8g_com_i2c.o
                0x0000225c                u8g_i2c_init
 .text.u8g_i2c_wait
                0x0000227c       0x70 u8g/u8g_com_i2c.o
                0x0000227c                u8g_i2c_wait
 .text.u8g_i2c_start
                0x000022ec       0x7a u8g/u8g_com_i2c.o
                0x000022ec                u8g_i2c_start
 .text.u8g_i2c_send_byte
                0x00002366       0x46 u8g/u8g_com_i2c.o
                0x00002366                u8g_i2c_send_byte
 .text.u8g_i2c_stop
                0x000023ac       0x10 u8g/u8g_com_i2c.o
                0x000023ac                u8g_i2c_stop
 .text.u8g_Delay
                0x000023bc       0x14 u8g/u8g_delay.o
                0x000023bc                u8g_Delay
 .text.u8g_dev_ssd1306_128x64_fn
                0x000023d0       0xbc u8g/u8g_dev_ssd1306_128x64.o
                0x000023d0                u8g_dev_ssd1306_128x64_fn
 .text.u8g_font_get_word
                0x0000248c       0x18 u8g/u8g_font.o
 .text.u8g_font_GetFormat
                0x000024a4        0x6 u8g/u8g_font.o
 .text.u8g_font_GetFontGlyphStructureSize
                0x000024aa       0x14 u8g/u8g_font.o
 .text.u8g_font_calc_vref_font
                0x000024be        0x4 u8g/u8g_font.o
                0x000024be                u8g_font_calc_vref_font
 .text.u8g_font_GetEncoding65Pos
                0x000024c2        0x8 u8g/u8g_font.o
                0x000024c2                u8g_font_GetEncoding65Pos
 .text.u8g_font_GetEncoding97Pos
                0x000024ca        0x8 u8g/u8g_font.o
                0x000024ca                u8g_font_GetEncoding97Pos
 .text.u8g_font_GetFontStartEncoding
                0x000024d2        0x8 u8g/u8g_font.o
                0x000024d2                u8g_font_GetFontStartEncoding
 .text.u8g_font_GetFontEndEncoding
                0x000024da        0x8 u8g/u8g_font.o
                0x000024da                u8g_font_GetFontEndEncoding
 .text.u8g_GetGlyph
                0x000024e2      0x1ca u8g/u8g_font.o
                0x000024e2                u8g_GetGlyph
 .text.u8g_draw_glyph
                0x000026ac       0xe0 u8g/u8g_font.o
                0x000026ac                u8g_draw_glyph
 .text.u8g_DrawStr
                0x0000278c       0x60 u8g/u8g_font.o
                0x0000278c                u8g_DrawStr
 .text.u8g_UpdateRefHeight
                0x000027ec       0xac u8g/u8g_font.o
                0x000027ec                u8g_UpdateRefHeight
 .text.u8g_SetFontPosBaseline
                0x00002898        0xc u8g/u8g_font.o
                0x00002898                u8g_SetFontPosBaseline
 .text.u8g_SetFont
                0x000028a4       0x28 u8g/u8g_font.o
                0x000028a4                u8g_SetFont
 .text.u8g_init_data
                0x000028cc       0x58 u8g/u8g_ll_api.o
 .text.u8g_call_dev_fn
                0x00002924        0xa u8g/u8g_ll_api.o
                0x00002924                u8g_call_dev_fn
 .text.u8g_InitLL
                0x0000292e       0x40 u8g/u8g_ll_api.o
                0x0000292e                u8g_InitLL
 .text.u8g_FirstPageLL
                0x0000296e       0x4c u8g/u8g_ll_api.o
                0x0000296e                u8g_FirstPageLL
 .text.u8g_NextPageLL
                0x000029ba       0x58 u8g/u8g_ll_api.o
                0x000029ba                u8g_NextPageLL
 .text.u8g_GetWidthLL
                0x00002a12       0x20 u8g/u8g_ll_api.o
                0x00002a12                u8g_GetWidthLL
 .text.u8g_GetHeightLL
                0x00002a32       0x20 u8g/u8g_ll_api.o
                0x00002a32                u8g_GetHeightLL
 .text.u8g_GetModeLL
                0x00002a52        0xc u8g/u8g_ll_api.o
                0x00002a52                u8g_GetModeLL
 .text.u8g_UpdateDimension
                0x00002a5e       0x40 u8g/u8g_ll_api.o
                0x00002a5e                u8g_UpdateDimension
 .text.u8g_Begin
                0x00002a9e       0x20 u8g/u8g_ll_api.o
                0x00002a9e                u8g_Begin
 .text.u8g_InitI2C
                0x00002abe       0x2c u8g/u8g_ll_api.o
                0x00002abe                u8g_InitI2C
 .text.u8g_FirstPage
                0x00002aea        0xc u8g/u8g_ll_api.o
                0x00002aea                u8g_FirstPage
 .text.u8g_NextPage
                0x00002af6       0x20 u8g/u8g_ll_api.o
                0x00002af6                u8g_NextPage
 .text.u8g_Draw8Pixel
                0x00002b16       0x24 u8g/u8g_ll_api.o
                0x00002b16                u8g_Draw8Pixel
 .text.u8g_page_First
                0x00002b3a        0xe u8g/u8g_page.o
                0x00002b3a                u8g_page_First
 .text.u8g_page_Next
                0x00002b48       0x2c u8g/u8g_page.o
                0x00002b48                u8g_page_Next
 .text.u8g_pb_Clear
                0x00002b74       0x20 u8g/u8g_pb.o
                0x00002b74                u8g_pb_Clear
 .text.u8g_pb_IsYIntersection
                0x00002b94       0x2c u8g/u8g_pb.o
                0x00002b94                u8g_pb_IsYIntersection
 .text.u8g_pb_GetPageBox
                0x00002bc0       0x20 u8g/u8g_pb.o
                0x00002bc0                u8g_pb_GetPageBox
 .text.u8g_pb_Is8PixelVisible
                0x00002be0       0x26 u8g/u8g_pb.o
                0x00002be0                u8g_pb_Is8PixelVisible
 .text.u8g_pb_WriteBuffer
                0x00002c06       0x12 u8g/u8g_pb.o
                0x00002c06                u8g_pb_WriteBuffer
 .text.u8g_pb8v1_set_pixel
                0x00002c18       0x3a u8g/u8g_pb8v1.o
                0x00002c18                u8g_pb8v1_set_pixel
 .text.u8g_pb8v1_SetPixel
                0x00002c52       0x2a u8g/u8g_pb8v1.o
                0x00002c52                u8g_pb8v1_SetPixel
 .text.u8g_pb8v1_Set8PixelOpt2
                0x00002c7c       0x72 u8g/u8g_pb8v1.o
                0x00002c7c                u8g_pb8v1_Set8PixelOpt2
 .text.u8g_dev_pb8v1_base_fn
                0x00002cee       0x9c u8g/u8g_pb8v1.o
                0x00002cee                u8g_dev_pb8v1_base_fn
 .text.u8g_state_dummy_cb
                0x00002d8a        0x2 u8g/u8g_state.o
                0x00002d8a                u8g_state_dummy_cb
 .text.__vector_18
                0x00002d8c       0x56 uart/uart.o
                0x00002d8c                __vector_18
 .text.__vector_19
                0x00002de2       0x54 uart/uart.o
                0x00002de2                __vector_19
 .text.avr-libc.fplib
                0x00002e36        0xe c:/program files (x86)/atmel/studio/7.0/toolchain/avr8/avr8-gnu-toolchain/bin/../lib/gcc/avr/4.9.2/../../../../avr/lib/avr5\libm.a(addsf3.o)
                0x00002e36                __subsf3
                0x00002e38                __addsf3
 .text.avr-libc.fplib
                0x00002e44       0xcc c:/program files (x86)/atmel/studio/7.0/toolchain/avr8/avr8-gnu-toolchain/bin/../lib/gcc/avr/4.9.2/../../../../avr/lib/avr5\libm.a(addsf3x.o)
                0x00002e66                __addsf3x
 .text.avr-libc.fplib
                0x00002f10        0xa c:/program files (x86)/atmel/studio/7.0/toolchain/avr8/avr8-gnu-toolchain/bin/../lib/gcc/avr/4.9.2/../../../../avr/lib/avr5\libm.a(cmpsf2.o)
                0x00002f10                __nesf2
                0x00002f10                __eqsf2
                0x00002f10                __cmpsf2
                0x00002f10                __ltsf2
                0x00002f10                __lesf2
 .text.avr-libc.fplib
                0x00002f1a        0x8 c:/program files (x86)/atmel/studio/7.0/toolchain/avr8/avr8-gnu-toolchain/bin/../lib/gcc/avr/4.9.2/../../../../avr/lib/avr5\libm.a(divsf3.o)
                0x00002f1a                __divsf3
 .text.avr-libc.fplib
                0x00002f22       0xdc c:/program files (x86)/atmel/studio/7.0/toolchain/avr8/avr8-gnu-toolchain/bin/../lib/gcc/avr/4.9.2/../../../../avr/lib/avr5\libm.a(divsf3x.o)
                0x00002f42                __divsf3x
                0x00002f48                __divsf3_pse
 .text.avr-libc.fplib
                0x00002ffe        0xe c:/program files (x86)/atmel/studio/7.0/toolchain/avr8/avr8-gnu-toolchain/bin/../lib/gcc/avr/4.9.2/../../../../avr/lib/avr5\libm.a(fixsfsi.o)
                0x00002ffe                __fixsfsi
 .text.avr-libc.fplib
                0x0000300c       0x5e c:/program files (x86)/atmel/studio/7.0/toolchain/avr8/avr8-gnu-toolchain/bin/../lib/gcc/avr/4.9.2/../../../../avr/lib/avr5\libm.a(fixunssfsi.o)
                0x0000300c                __fixunssfsi
 .text.avr-libc.fplib
                0x0000306a       0x7a c:/program files (x86)/atmel/studio/7.0/toolchain/avr8/avr8-gnu-toolchain/bin/../lib/gcc/avr/4.9.2/../../../../avr/lib/avr5\libm.a(floatsisf.o)
                0x0000306a                __floatunsisf
                0x0000306e                __floatsisf
 .text.avr-libc.fplib
                0x000030e4       0x48 c:/program files (x86)/atmel/studio/7.0/toolchain/avr8/avr8-gnu-toolchain/bin/../lib/gcc/avr/4.9.2/../../../../avr/lib/avr5\libm.a(fp_cmp.o)
                0x000030e4                __fp_cmp
 .text.avr-libc.fplib
                0x0000312c        0xc c:/program files (x86)/atmel/studio/7.0/toolchain/avr8/avr8-gnu-toolchain/bin/../lib/gcc/avr/4.9.2/../../../../avr/lib/avr5\libm.a(fp_inf.o)
                0x0000312c                __fp_inf
 .text.avr-libc.fplib
                0x00003138        0x6 c:/program files (x86)/atmel/studio/7.0/toolchain/avr8/avr8-gnu-toolchain/bin/../lib/gcc/avr/4.9.2/../../../../avr/lib/avr5\libm.a(fp_nan.o)
                0x00003138                __fp_nan
 .text.avr-libc.fplib
                0x0000313e        0xe c:/program files (x86)/atmel/studio/7.0/toolchain/avr8/avr8-gnu-toolchain/bin/../lib/gcc/avr/4.9.2/../../../../avr/lib/avr5\libm.a(fp_pscA.o)
                0x0000313e                __fp_pscA
 .text.avr-libc.fplib
                0x0000314c        0xe c:/program files (x86)/atmel/studio/7.0/toolchain/avr8/avr8-gnu-toolchain/bin/../lib/gcc/avr/4.9.2/../../../../avr/lib/avr5\libm.a(fp_pscB.o)
                0x0000314c                __fp_pscB
 .text.avr-libc.fplib
                0x0000315a       0x22 c:/program files (x86)/atmel/studio/7.0/toolchain/avr8/avr8-gnu-toolchain/bin/../lib/gcc/avr/4.9.2/../../../../avr/lib/avr5\libm.a(fp_round.o)
                0x0000315a                __fp_round
 .text.avr-libc.fplib
                0x0000317c       0x44 c:/program files (x86)/atmel/studio/7.0/toolchain/avr8/avr8-gnu-toolchain/bin/../lib/gcc/avr/4.9.2/../../../../avr/lib/avr5\libm.a(fp_split3.o)
                0x0000317c                __fp_split3
                0x0000318c                __fp_splitA
 .text.avr-libc.fplib
                0x000031c0        0xe c:/program files (x86)/atmel/studio/7.0/toolchain/avr8/avr8-gnu-toolchain/bin/../lib/gcc/avr/4.9.2/../../../../avr/lib/avr5\libm.a(fp_zero.o)
                0x000031c0                __fp_zero
                0x000031c2                __fp_szero
 .text.avr-libc.fplib
                0x000031ce        0xa c:/program files (x86)/atmel/studio/7.0/toolchain/avr8/avr8-gnu-toolchain/bin/../lib/gcc/avr/4.9.2/../../../../avr/lib/avr5\libm.a(gesf2.o)
                0x000031ce                __gesf2
                0x000031ce                __gtsf2
 .text.avr-libc.fplib
                0x000031d8        0x8 c:/program files (x86)/atmel/studio/7.0/toolchain/avr8/avr8-gnu-toolchain/bin/../lib/gcc/avr/4.9.2/../../../../avr/lib/avr5\libm.a(mulsf3.o)
                0x000031d8                __mulsf3
 .text.avr-libc.fplib
                0x000031e0       0xd2 c:/program files (x86)/atmel/studio/7.0/toolchain/avr8/avr8-gnu-toolchain/bin/../lib/gcc/avr/4.9.2/../../../../avr/lib/avr5\libm.a(mulsf3x.o)
                0x000031fe                __mulsf3x
                0x00003204                __mulsf3_pse
 .text.libgcc   0x000032b2        0xc c:/program files (x86)/atmel/studio/7.0/toolchain/avr8/avr8-gnu-toolchain/bin/../lib/gcc/avr/4.9.2/avr5\libgcc.a(_tablejump2.o)
                0x000032b2                __tablejump2__
 .text.avr-libc
                0x000032be       0x16 c:/program files (x86)/atmel/studio/7.0/toolchain/avr8/avr8-gnu-toolchain/bin/../lib/gcc/avr/4.9.2/../../../../avr/lib/avr5\libc.a(itoa_ncheck.o)
                0x000032be                __itoa_ncheck
 .text.avr-libc
                0x000032d4       0x34 c:/program files (x86)/atmel/studio/7.0/toolchain/avr8/avr8-gnu-toolchain/bin/../lib/gcc/avr/4.9.2/../../../../avr/lib/avr5\libc.a(utoa_ncheck.o)
                0x000032d4                __utoa_ncheck
                0x000032d6                __utoa_common
 .text.avr-libc
                0x00003308       0x20 c:/program files (x86)/atmel/studio/7.0/toolchain/avr8/avr8-gnu-toolchain/bin/../lib/gcc/avr/4.9.2/../../../../avr/lib/avr5\libc.a(strrev.o)
                0x00003308                strrev
                0x00003328                . = ALIGN (0x2)
 *(.fini9)
 .fini9         0x00003328        0x0 c:/program files (x86)/atmel/studio/7.0/toolchain/avr8/avr8-gnu-toolchain/bin/../lib/gcc/avr/4.9.2/avr5\libgcc.a(_exit.o)
                0x00003328                _exit
                0x00003328                exit
 *(.fini9)
 *(.fini8)
 *(.fini8)
 *(.fini7)
 *(.fini7)
 *(.fini6)
 *(.fini6)
 *(.fini5)
 *(.fini5)
 *(.fini4)
 *(.fini4)
 *(.fini3)
 *(.fini3)
 *(.fini2)
 *(.fini2)
 *(.fini1)
 *(.fini1)
 *(.fini0)
 .fini0         0x00003328        0x4 c:/program files (x86)/atmel/studio/7.0/toolchain/avr8/avr8-gnu-toolchain/bin/../lib/gcc/avr/4.9.2/avr5\libgcc.a(_exit.o)
 *(.fini0)
                0x0000332c                _etext = .

.data           0x00800100       0x2c load address 0x0000332c
                0x00800100                PROVIDE (__data_start, .)
 *(.data)
 *(.data*)
 .data.u8g_dev_ssd1306_128x64_i2c
                0x00800100        0x6 u8g/u8g_dev_ssd1306_128x64.o
                0x00800100                u8g_dev_ssd1306_128x64_i2c
 .data.u8g_dev_ssd1306_128x64_i2c_pb
                0x00800106        0x8 u8g/u8g_dev_ssd1306_128x64.o
                0x00800106                u8g_dev_ssd1306_128x64_i2c_pb
 *(.rodata)
 .rodata        0x0080010e        0x6 main.o
 *(.rodata*)
 .rodata.str1.1
                0x00800114       0x18 main.o
 *(.gnu.linkonce.d*)
                0x0080012c                . = ALIGN (0x2)
                0x0080012c                _edata = .
                0x0080012c                PROVIDE (__data_end, .)

.bss            0x0080012c      0x115
                0x0080012c                PROVIDE (__bss_start, .)
 *(.bss)
 *(.bss*)
 .bss.accZ      0x0080012c        0x4 main.o
                0x0080012c                accZ
 .bss.accY      0x00800130        0x4 main.o
                0x00800130                accY
 .bss.accX      0x00800134        0x4 main.o
                0x00800134                accX
 .bss.accCombined
                0x00800138        0x4 main.o
                0x00800138                accCombined
 .bss.accIdle   0x0080013c        0x4 main.o
                0x0080013c                accIdle
 .bss.steps     0x00800140        0x2 main.o
                0x00800140                steps
 .bss.u8g_i2c_err_pos
                0x00800142        0x1 u8g/u8g_com_i2c.o
 .bss.u8g_i2c_opt
                0x00800143        0x1 u8g/u8g_com_i2c.o
 .bss.u8g_i2c_err_code
                0x00800144        0x1 u8g/u8g_com_i2c.o
 .bss.u8g_dev_ssd1306_128x64_i2c_buf
                0x00800145       0x80 u8g/u8g_dev_ssd1306_128x64.o
                0x00800145                u8g_dev_ssd1306_128x64_i2c_buf
 .bss.UART_LastRxError
                0x008001c5        0x1 uart/uart.o
 .bss.UART_RxTail
                0x008001c6        0x1 uart/uart.o
 .bss.UART_RxHead
                0x008001c7        0x1 uart/uart.o
 .bss.UART_TxTail
                0x008001c8        0x1 uart/uart.o
 .bss.UART_TxHead
                0x008001c9        0x1 uart/uart.o
 .bss.UART_RxBuf
                0x008001ca       0x20 uart/uart.o
 .bss.UART_TxBuf
                0x008001ea       0x20 uart/uart.o
 *(COMMON)
 COMMON         0x0080020a       0x37 main.o
                0x0080020a                u8g
                0x00800241                PROVIDE (__bss_end, .)
                0x0000332c                __data_load_start = LOADADDR (.data)
                0x00003358                __data_load_end = (__data_load_start + SIZEOF (.data))

.noinit         0x00800241        0x0
                [!provide]                PROVIDE (__noinit_start, .)
 *(.noinit*)
                [!provide]                PROVIDE (__noinit_end, .)
                0x00800241                _end = .
                [!provide]                PROVIDE (__heap_start, .)

.eeprom         0x00810000        0x0
 *(.eeprom*)
                0x00810000                __eeprom_end = .

.fuse
 *(.fuse)
 *(.lfuse)
 *(.hfuse)
 *(.efuse)

.lock
 *(.lock*)

.signature
 *(.signature*)

.user_signatures
 *(.user_signatures*)

.stab
 *(.stab)

.stabstr
 *(.stabstr)

.stab.excl
 *(.stab.excl)

.stab.exclstr
 *(.stab.exclstr)

.stab.index
 *(.stab.index)

.stab.indexstr
 *(.stab.indexstr)

.comment        0x00000000       0x30
 *(.comment)
 .comment       0x00000000       0x30 i2chw/twimastertimeout.o
                                 0x31 (size before relaxing)
 .comment       0x00000030       0x31 main.o
 .comment       0x00000030       0x31 mpu6050/mpu6050.o
 .comment       0x00000030       0x31 u8g/u8g_clip.o
 .comment       0x00000030       0x31 u8g/u8g_com_api.o
 .comment       0x00000030       0x31 u8g/u8g_com_arduino_ssd_i2c.o
 .comment       0x00000030       0x31 u8g/u8g_com_i2c.o
 .comment       0x00000030       0x31 u8g/u8g_delay.o
 .comment       0x00000030       0x31 u8g/u8g_dev_ssd1306_128x64.o
 .comment       0x00000030       0x31 u8g/u8g_font.o
 .comment       0x00000030       0x31 u8g/u8g_font_data.o
 .comment       0x00000030       0x31 u8g/u8g_ll_api.o
 .comment       0x00000030       0x31 u8g/u8g_page.o
 .comment       0x00000030       0x31 u8g/u8g_pb.o
 .comment       0x00000030       0x31 u8g/u8g_pb8v1.o
 .comment       0x00000030       0x31 u8g/u8g_state.o
 .comment       0x00000030       0x31 uart/uart.o

.note.gnu.avr.deviceinfo
                0x00000000       0x40
 .note.gnu.avr.deviceinfo
                0x00000000       0x40 C:/Program Files (x86)/Atmel/Studio/7.0/Packs/atmel/ATmega_DFP/1.1.130/gcc/dev/atmega328p/avr5/crtatmega328p.o

.note.gnu.build-id
 *(.note.gnu.build-id)

.debug
 *(.debug)

.line
 *(.line)

.debug_srcinfo
 *(.debug_srcinfo)

.debug_sfnames
 *(.debug_sfnames)

.debug_aranges  0x00000000      0x7f0
 *(.debug_aranges)
 .debug_aranges
                0x00000000       0x58 i2chw/twimastertimeout.o
 .debug_aranges
                0x00000058       0x50 main.o
 .debug_aranges
                0x000000a8       0x88 mpu6050/mpu6050.o
 .debug_aranges
                0x00000130       0x20 u8g/u8g_clip.o
 .debug_aranges
                0x00000150       0x68 u8g/u8g_com_api.o
 .debug_aranges
                0x000001b8       0x28 u8g/u8g_com_arduino_ssd_i2c.o
 .debug_aranges
                0x000001e0       0x60 u8g/u8g_com_i2c.o
 .debug_aranges
                0x00000240       0x30 u8g/u8g_delay.o
 .debug_aranges
                0x00000270       0x40 u8g/u8g_dev_ssd1306_128x64.o
 .debug_aranges
                0x000002b0      0x260 u8g/u8g_font.o
 .debug_aranges
                0x00000510       0x18 u8g/u8g_font_data.o
 .debug_aranges
                0x00000528      0x170 u8g/u8g_ll_api.o
 .debug_aranges
                0x00000698       0x30 u8g/u8g_page.o
 .debug_aranges
                0x000006c8       0x50 u8g/u8g_pb.o
 .debug_aranges
                0x00000718       0x48 u8g/u8g_pb8v1.o
 .debug_aranges
                0x00000760       0x30 u8g/u8g_state.o
 .debug_aranges
                0x00000790       0x60 uart/uart.o

.debug_pubnames
 *(.debug_pubnames)

.debug_info     0x00000000     0xfebf
 *(.debug_info .gnu.linkonce.wi.*)
 .debug_info    0x00000000      0x5f4 C:/Program Files (x86)/Atmel/Studio/7.0/Packs/atmel/ATmega_DFP/1.1.130/gcc/dev/atmega328p/avr5/crtatmega328p.o
 .debug_info    0x000005f4      0x22d i2chw/twimastertimeout.o
 .debug_info    0x00000821      0xef1 main.o
 .debug_info    0x00001712      0xa47 mpu6050/mpu6050.o
 .debug_info    0x00002159      0x548 u8g/u8g_clip.o
 .debug_info    0x000026a1      0xa1b u8g/u8g_com_api.o
 .debug_info    0x000030bc      0x62e u8g/u8g_com_arduino_ssd_i2c.o
 .debug_info    0x000036ea      0x2f6 u8g/u8g_com_i2c.o
 .debug_info    0x000039e0      0x134 u8g/u8g_delay.o
 .debug_info    0x00003b14     0x157a u8g/u8g_dev_ssd1306_128x64.o
 .debug_info    0x0000508e     0x3789 u8g/u8g_font.o
 .debug_info    0x00008817     0x3f84 u8g/u8g_font_data.o
 .debug_info    0x0000c79b     0x1bd4 u8g/u8g_ll_api.o
 .debug_info    0x0000e36f      0x1a4 u8g/u8g_page.o
 .debug_info    0x0000e513      0x879 u8g/u8g_pb.o
 .debug_info    0x0000ed8c      0x8e6 u8g/u8g_pb8v1.o
 .debug_info    0x0000f672      0x51f u8g/u8g_state.o
 .debug_info    0x0000fb91      0x32e uart/uart.o

.debug_abbrev   0x00000000     0x25ce
 *(.debug_abbrev)
 .debug_abbrev  0x00000000      0x5a2 C:/Program Files (x86)/Atmel/Studio/7.0/Packs/atmel/ATmega_DFP/1.1.130/gcc/dev/atmega328p/avr5/crtatmega328p.o
 .debug_abbrev  0x000005a2       0xff i2chw/twimastertimeout.o
 .debug_abbrev  0x000006a1      0x38b main.o
 .debug_abbrev  0x00000a2c      0x2d1 mpu6050/mpu6050.o
 .debug_abbrev  0x00000cfd      0x16e u8g/u8g_clip.o
 .debug_abbrev  0x00000e6b      0x19d u8g/u8g_com_api.o
 .debug_abbrev  0x00001008      0x1a7 u8g/u8g_com_arduino_ssd_i2c.o
 .debug_abbrev  0x000011af      0x158 u8g/u8g_com_i2c.o
 .debug_abbrev  0x00001307       0xb0 u8g/u8g_delay.o
 .debug_abbrev  0x000013b7      0x1e2 u8g/u8g_dev_ssd1306_128x64.o
 .debug_abbrev  0x00001599      0x452 u8g/u8g_font.o
 .debug_abbrev  0x000019eb       0x88 u8g/u8g_font_data.o
 .debug_abbrev  0x00001a73      0x3bc u8g/u8g_ll_api.o
 .debug_abbrev  0x00001e2f       0xe5 u8g/u8g_page.o
 .debug_abbrev  0x00001f14      0x231 u8g/u8g_pb.o
 .debug_abbrev  0x00002145      0x1da u8g/u8g_pb8v1.o
 .debug_abbrev  0x0000231f      0x16c u8g/u8g_state.o
 .debug_abbrev  0x0000248b      0x143 uart/uart.o

.debug_line     0x00000000     0x3f89
 *(.debug_line .debug_line.* .debug_line_end)
 .debug_line    0x00000000      0x133 C:/Program Files (x86)/Atmel/Studio/7.0/Packs/atmel/ATmega_DFP/1.1.130/gcc/dev/atmega328p/avr5/crtatmega328p.o
 .debug_line    0x00000133      0x39c i2chw/twimastertimeout.o
 .debug_line    0x000004cf      0x3ba main.o
 .debug_line    0x00000889      0x447 mpu6050/mpu6050.o
 .debug_line    0x00000cd0      0x11d u8g/u8g_clip.o
 .debug_line    0x00000ded      0x262 u8g/u8g_com_api.o
 .debug_line    0x0000104f      0x1d8 u8g/u8g_com_arduino_ssd_i2c.o
 .debug_line    0x00001227      0x27b u8g/u8g_com_i2c.o
 .debug_line    0x000014a2      0x15e u8g/u8g_delay.o
 .debug_line    0x00001600      0x337 u8g/u8g_dev_ssd1306_128x64.o
 .debug_line    0x00001937     0x1319 u8g/u8g_font.o
 .debug_line    0x00002c50       0x9f u8g/u8g_font_data.o
 .debug_line    0x00002cef      0x914 u8g/u8g_ll_api.o
 .debug_line    0x00003603      0x136 u8g/u8g_page.o
 .debug_line    0x00003739      0x230 u8g/u8g_pb.o
 .debug_line    0x00003969      0x2c7 u8g/u8g_pb8v1.o
 .debug_line    0x00003c30      0x102 u8g/u8g_state.o
 .debug_line    0x00003d32      0x257 uart/uart.o

.debug_frame    0x00000000     0x19d0
 *(.debug_frame)
 .debug_frame   0x00000000       0xa4 i2chw/twimastertimeout.o
 .debug_frame   0x000000a4      0x110 main.o
 .debug_frame   0x000001b4      0x278 mpu6050/mpu6050.o
 .debug_frame   0x0000042c       0x2c u8g/u8g_clip.o
 .debug_frame   0x00000458       0xe8 u8g/u8g_com_api.o
 .debug_frame   0x00000540       0x64 u8g/u8g_com_arduino_ssd_i2c.o
 .debug_frame   0x000005a4       0xd0 u8g/u8g_com_i2c.o
 .debug_frame   0x00000674       0x44 u8g/u8g_delay.o
 .debug_frame   0x000006b8      0x154 u8g/u8g_dev_ssd1306_128x64.o
 .debug_frame   0x0000080c      0x9c8 u8g/u8g_font.o
 .debug_frame   0x000011d4      0x514 u8g/u8g_ll_api.o
 .debug_frame   0x000016e8       0x44 u8g/u8g_page.o
 .debug_frame   0x0000172c       0x98 u8g/u8g_pb.o
 .debug_frame   0x000017c4       0xc8 u8g/u8g_pb8v1.o
 .debug_frame   0x0000188c       0x44 u8g/u8g_state.o
 .debug_frame   0x000018d0      0x100 uart/uart.o

.debug_str      0x00000000     0x39b8
 *(.debug_str)
 .debug_str     0x00000000      0x208 C:/Program Files (x86)/Atmel/Studio/7.0/Packs/atmel/ATmega_DFP/1.1.130/gcc/dev/atmega328p/avr5/crtatmega328p.o
 .debug_str     0x00000208      0x196 i2chw/twimastertimeout.o
                                0x1f3 (size before relaxing)
 .debug_str     0x0000039e      0x37b main.o
                                0x594 (size before relaxing)
 .debug_str     0x00000719      0x143 mpu6050/mpu6050.o
                                0x369 (size before relaxing)
 .debug_str     0x0000085c       0x4a u8g/u8g_clip.o
                                0x3e2 (size before relaxing)
 .debug_str     0x000008a6       0xf6 u8g/u8g_com_api.o
                                0x49f (size before relaxing)
 .debug_str     0x0000099c       0xa9 u8g/u8g_com_arduino_ssd_i2c.o
                                0x45c (size before relaxing)
 .debug_str     0x00000a45       0xaa u8g/u8g_com_i2c.o
                                0x25c (size before relaxing)
 .debug_str     0x00000aef       0x49 u8g/u8g_delay.o
                                0x1b4 (size before relaxing)
 .debug_str     0x00000b38      0x6f8 u8g/u8g_dev_ssd1306_128x64.o
                                0xb22 (size before relaxing)
 .debug_str     0x00001230      0x737 u8g/u8g_font.o
                                0xb60 (size before relaxing)
 .debug_str     0x00001967     0x1a95 u8g/u8g_font_data.o
                               0x1c17 (size before relaxing)
 .debug_str     0x000033fc      0x2da u8g/u8g_ll_api.o
                                0x6f3 (size before relaxing)
 .debug_str     0x000036d6       0x3d u8g/u8g_page.o
                                0x1ed (size before relaxing)
 .debug_str     0x00003713       0xa5 u8g/u8g_pb.o
                                0x4cc (size before relaxing)
 .debug_str     0x000037b8       0x84 u8g/u8g_pb8v1.o
                                0x4e2 (size before relaxing)
 .debug_str     0x0000383c       0x81 u8g/u8g_state.o
                                0x419 (size before relaxing)
 .debug_str     0x000038bd       0xfb uart/uart.o
                                0x280 (size before relaxing)

.debug_loc      0x00000000     0xad67
 *(.debug_loc)
 .debug_loc     0x00000000      0x327 i2chw/twimastertimeout.o
 .debug_loc     0x00000327      0x518 main.o
 .debug_loc     0x0000083f      0xd77 mpu6050/mpu6050.o
 .debug_loc     0x000015b6      0x288 u8g/u8g_clip.o
 .debug_loc     0x0000183e      0x67d u8g/u8g_com_api.o
 .debug_loc     0x00001ebb      0x457 u8g/u8g_com_arduino_ssd_i2c.o
 .debug_loc     0x00002312      0x21f u8g/u8g_com_i2c.o
 .debug_loc     0x00002531       0x67 u8g/u8g_delay.o
 .debug_loc     0x00002598      0x8b6 u8g/u8g_dev_ssd1306_128x64.o
 .debug_loc     0x00002e4e     0x4c74 u8g/u8g_font.o
 .debug_loc     0x00007ac2     0x21ee u8g/u8g_ll_api.o
 .debug_loc     0x00009cb0       0xec u8g/u8g_page.o
 .debug_loc     0x00009d9c      0x541 u8g/u8g_pb.o
 .debug_loc     0x0000a2dd      0x6d9 u8g/u8g_pb8v1.o
 .debug_loc     0x0000a9b6       0x7d u8g/u8g_state.o
 .debug_loc     0x0000aa33      0x334 uart/uart.o

.debug_macinfo
 *(.debug_macinfo)

.debug_weaknames
 *(.debug_weaknames)

.debug_funcnames
 *(.debug_funcnames)

.debug_typenames
 *(.debug_typenames)

.debug_varnames
 *(.debug_varnames)

.debug_pubtypes
 *(.debug_pubtypes)

.debug_ranges   0x00000000      0x8e0
 *(.debug_ranges)
 .debug_ranges  0x00000000       0x48 i2chw/twimastertimeout.o
 .debug_ranges  0x00000048       0x40 main.o
 .debug_ranges  0x00000088       0x78 mpu6050/mpu6050.o
 .debug_ranges  0x00000100       0x28 u8g/u8g_clip.o
 .debug_ranges  0x00000128       0x58 u8g/u8g_com_api.o
 .debug_ranges  0x00000180       0x48 u8g/u8g_com_arduino_ssd_i2c.o
 .debug_ranges  0x000001c8       0x50 u8g/u8g_com_i2c.o
 .debug_ranges  0x00000218       0x20 u8g/u8g_delay.o
 .debug_ranges  0x00000238       0x30 u8g/u8g_dev_ssd1306_128x64.o
 .debug_ranges  0x00000268      0x3e0 u8g/u8g_font.o
 .debug_ranges  0x00000648      0x160 u8g/u8g_ll_api.o
 .debug_ranges  0x000007a8       0x20 u8g/u8g_page.o
 .debug_ranges  0x000007c8       0x58 u8g/u8g_pb.o
 .debug_ranges  0x00000820       0x38 u8g/u8g_pb8v1.o
 .debug_ranges  0x00000858       0x20 u8g/u8g_state.o
 .debug_ranges  0x00000878       0x68 uart/uart.o

.debug_macro
 *(.debug_macro)
OUTPUT(mpu_conntest.elf elf32-avr)
LOAD linker stubs
